// Jest Snapshot v1, https://goo.gl/fbAQLP

exports[`<Chips /> matches snapshot 1`] = `
<MemoryRouter
  initialEntries={
    Array [
      Object {
        "key": "testKey",
      },
    ]
  }
>
  <Router
    history={
      Object {
        "action": "POP",
        "block": [Function],
        "canGo": [Function],
        "createHref": [Function],
        "entries": Array [
          Object {
            "hash": "",
            "key": "testKey",
            "pathname": "/",
            "search": "",
          },
        ],
        "go": [Function],
        "goBack": [Function],
        "goForward": [Function],
        "index": 0,
        "length": 1,
        "listen": [Function],
        "location": Object {
          "hash": "",
          "key": "testKey",
          "pathname": "/",
          "search": "",
        },
        "push": [Function],
        "replace": [Function],
      }
    }
  >
    <Chips>
      <div
        className="Chips"
      >
        <Message>
          <div
            className="Message"
            id="messagey"
          >
            <h1>
              bags eaten: 
              0
            </h1>
            <button
              id="nomnom"
              onClick={[Function]}
            >
              nom nom nom
            </button>
            <h1>
              <Link
                replace={false}
                to="/"
              >
                <a
                  href="/"
                  onClick={[Function]}
                >
                  go back
                </a>
              </Link>
            </h1>
          </div>
        </Message>
      </div>
    </Chips>
  </Router>
</MemoryRouter>
`;
